project copy: /home/jihoon/comparator-runs/20261007-174109
toolchain: leanprover/lean4:v4.33.1
comparator 3927ad383f208ae977c340a91c48ac9b497d2097, lean4export 15f6055e299ad5b89345e533cc2192f4cc00f659, nanoda 68d5ca9db226849b41a6fff59d796ff19d0a8840, landrun 811cfff51ceaf3d9843708aa6d22e9b84ccac8b4
config: comparator.json
{
  "challenge_module": "ImprovedChallenge",
  "solution_module": "ImprovedSolution",
  "theorem_names": [
    "ImprovedExponents.threeSum_pruned",
    "ImprovedExponents.exactTriangle_pruned",
    "ImprovedExponents.minPlus_allEdges_pruned",
    "ImprovedExponents.apsp_allEdges_pruned"
  ],
  "definition_names": [],
  "permitted_axioms": ["propext", "Quot.sound", "Classical.choice"],
  "enable_nanoda": true
}
started: 2026-10-07T08:52:48Z
Building ImprovedChallenge
⚠ [2/3] Built ImprovedChallenge (313ms)
warning: ImprovedChallenge.lean:201:8: declaration uses `sorry`
warning: ImprovedChallenge.lean:206:8: declaration uses `sorry`
warning: ImprovedChallenge.lean:212:8: declaration uses `sorry`
warning: ImprovedChallenge.lean:218:8: declaration uses `sorry`
Build completed successfully (3 jobs).
Exporting #[Nat, String, String.mk, Char, Quot, Quot.mk, Quot.lift, Quot.ind, ImprovedExponents.threeSum_pruned, ImprovedExponents.exactTriangle_pruned, ImprovedExponents.minPlus_allEdges_pruned, ImprovedExponents.apsp_allEdges_pruned, propext, Quot.sound, Classical.choice, Nat.add, Nat.sub, Nat.mul, Nat.pow, Nat.gcd, Nat.div, Nat.mod, Nat.beq, Nat.ble, Nat.land, Nat.lor, Nat.xor, Nat.shiftLeft, Nat.shiftRight, String.ofList, Char.ofNat, List, eagerReduce] from ImprovedChallenge
Building ImprovedSolution
✔ [8/57] Built EndStatement (252ms)
✔ [422/3313] Built ThreeSumApsp.Spec.Sec3.Theorem17.Instances (589ms)
✔ [423/3313] Built ImprovedExponents.PrunedProgram.Procs (620ms)
✔ [538/3313] Built ThreeSumApsp.Lang.Regions (891ms)
✔ [1495/3313] Built ThreeSumApsp.Spec.Sec4.Theorem30.Trie (11s)
✔ [1594/3313] Built ThreeSumApsp.Util.Counting (2.4s)
✔ [1725/3313] Built ThreeSumApsp.Lang.Syntax (6.3s)
✔ [1806/3313] Built ThreeSumApsp.Util.Index (1.2s)
✔ [1807/3313] Built ThreeSumApsp.Util.Flag (1.1s)
✔ [1825/3313] Built ThreeSumApsp.Spec.Sec2.Theorem5.Subsets (4.1s)
✔ [1872/3313] Built ImprovedExponents.MinPlus.Comparison (1.7s)
✔ [1903/3313] Built ThreeSumApsp.Spec.Sec2.Theorem5.Counters (716ms)
✔ [1908/3313] Built ThreeSumApsp.Util.List (2.7s)
✔ [1947/3313] Built ThreeSumApsp.Util.Average (1.8s)
✔ [1996/3313] Built ThreeSumApsp.Spec.Sec2.Theorem5.SubsetTable (2.7s)
✔ [2017/3313] Built ThreeSumApsp.Lang.RunsStayInLimits (1.1s)
✔ [2053/3313] Built ThreeSumApsp.Util.CountingSort (7.5s)
✔ [2082/3313] Built ThreeSumApsp.Spec.Sec3.Theorem21a.Passes (1.5s)
✔ [2094/3313] Built ThreeSumApsp.Util.Digits (1.5s)
✔ [2116/3313] Built ThreeSumApsp.Util.Sum (2.8s)
✔ [2129/3313] Built ThreeSumApsp.Util.Basic (1.2s)
✔ [2172/3313] Built ThreeSumApsp.Spec.Sec4.Theorem30.NineStrings (2.5s)
✔ [2182/3313] Built ThreeSumApsp.Util.StablePass (1.5s)
✔ [2183/3313] Built ThreeSumApsp.Util.BinaryPrefixes (2.2s)
✔ [2218/3313] Built ImprovedExponents.MinPlus.ExactTriangle (2.9s)
✔ [2240/3313] Built ThreeSumApsp.Util.Weave (1.8s)
✔ [2251/3313] Built ThreeSumApsp.Spec.Sec3.Theorem17.ZOrder (2.6s)
✔ [2255/3313] Built ThreeSumApsp.Machine.Steps (1.7s)
✔ [2267/3313] Built ThreeSumApsp.Lang.Logic (1.9s)
✔ [2268/3313] Built ThreeSumApsp.Spec.Sec4.Theorem30.NineScan (1.4s)
✔ [2285/3313] Built ThreeSumApsp.Lang.Compiler.StatementCode (1.0s)
✔ [2292/3313] Built ThreeSumApsp.Lang.Renumber (740ms)
✔ [2296/3313] Built ThreeSumApsp.Lang.Assigns (801ms)
✔ [2300/3313] Built ThreeSumApsp.Lang.Lib.Seg (1.0s)
✔ [2314/3313] Built ThreeSumApsp.Lang.Rules (1.5s)
✔ [2391/3313] Built ThreeSumApsp.Util.Choose (4.5s)
✔ [2398/3313] Built ThreeSumApsp.Lang.Lib.Pass (1.1s)
✔ [2399/3313] Built ThreeSumApsp.Lang.Lib.ArrayAt (1.1s)
✔ [2400/3313] Built ThreeSumApsp.Programs.Sec3.Theorem17.Hashing.ZOrderFacts (1.2s)
✔ [2426/3313] Built ThreeSumApsp.Lang.Compiler.Cells (2.1s)
✔ [2441/3313] Built ThreeSumApsp.Lang.Frames (1.5s)
✔ [2506/3313] Built ThreeSumApsp.Lang.Compiler.Dispatcher (900ms)
✔ [2537/3313] Built ThreeSumApsp.Lang.Calls (901ms)
✔ [2540/3313] Built ThreeSumApsp.Lang.Compiler.Expressions (1.1s)
✔ [2558/3313] Built ThreeSumApsp.Lang.Lib.NextPair (1.1s)
✔ [2601/3313] Built ThreeSumApsp.Lang.Compiler.ProgramCode (1.2s)
✔ [2620/3313] Built ThreeSumApsp.Lang.Lib.Copy (1.1s)
✔ [2659/3313] Built ThreeSumApsp.Lang.Compiler.Conditions (1.3s)
✔ [2661/3313] Built ThreeSumApsp.Lang.Tactics (1.5s)
✔ [2669/3313] Built ThreeSumApsp.Programs.Sec3.Theorem21b.MinPlus.Passes (1.8s)
✔ [2700/3313] Built ThreeSumApsp.Lang.Compiler.StartUp (2.3s)
✔ [2736/3313] Built ThreeSumApsp.Lang.Lib.PowTable (2.7s)
✔ [2743/3313] Built ThreeSumApsp.Programs.Sec3.Theorem17.Hashing.SizeTable (2.9s)
✔ [2747/3313] Built ThreeSumApsp.Lang.Lib.Sqrt (2.9s)
✔ [2757/3313] Built ThreeSumApsp.Lang.Compiler.CallFrames (3.3s)
✔ [2758/3313] Built ThreeSumApsp.Programs.Sec2.Theorem5.Encode.Step (3.2s)
✔ [2761/3313] Built ThreeSumApsp.Lang.Lib.Logs (3.2s)
✔ [2772/3313] Built ThreeSumApsp.Lang.Lib.Merge (3.7s)
✔ [2783/3313] Built ThreeSumApsp.Lang.Lib.Emod (4.1s)
✔ [2788/3313] Built ThreeSumApsp.Lang.Compiler.Simulation (2.3s)
✔ [2790/3313] Built ThreeSumApsp.Lang.Lib.CountSort (5.7s)
✔ [2791/3313] Built ThreeSumApsp.Lang.Lib.Sieve (5.9s)
✔ [2792/3313] Built ThreeSumApsp.Programs.Sec2.Theorem5.Encode.Recursion (2.8s)
✔ [2793/3313] Built ThreeSumApsp.Lang.Lib.MergeSort (2.3s)
✔ [2794/3313] Built ThreeSumApsp.Lang.Compiler.WholeProgram (1.1s)
✔ [2795/3313] Built ThreeSumApsp.Lang.Lib.RadixPass (1.2s)
✔ [2847/3313] Built ThreeSumApsp.Util.Ceil (5.5s)
✔ [2849/3313] Built ThreeSumApsp.Util.Asymptotics.Powers (4.7s)
✔ [2851/3313] Built ThreeSumApsp.Util.Asymptotics.Dominated (10s)
✔ [2887/3313] Built ThreeSumApsp.Spec.Sec3.Theorem17.Chunks (1.1s)
✔ [2906/3313] Built ThreeSumApsp.Util.Asymptotics.Scale (1.9s)
✔ [2907/3313] Built ThreeSumApsp.Spec.Sec3.Theorem17.ClassStarts (849ms)
✔ [2926/3313] Built ThreeSumApsp.Util.Log (3.0s)
✔ [2927/3313] Built ThreeSumApsp.Util.Asymptotics.LogExponent (3.2s)
✔ [2928/3313] Built ImprovedExponents.ExactCount.G2 (3.3s)
✔ [2930/3313] Built ThreeSumApsp.Util.Asymptotics.Logarithms (998ms)
✔ [2932/3313] Built ThreeSumApsp.Util.PrimesInWindow (1.7s)
✔ [2939/3313] Built ThreeSumApsp.Util.PrimeCounting (2.3s)
✔ [2940/3313] Built PaperStatements (6.5s)
✔ [2941/3313] Built ThreeSumApsp.Sec3.Theorem21a.ChanHe.Definitions (3.7s)
✔ [2942/3313] Built ThreeSumApsp.Sec3.Chunks (3.8s)
✔ [2943/3313] Built ThreeSumApsp.Lang.WordSize (4.5s)
✔ [2944/3313] Built ThreeSumApsp.Lang.RowMajor (4.5s)
✔ [2945/3313] Built ThreeSumApsp.Sec3.Theorem21b.PathsAndWalks (4.5s)
✔ [2946/3313] Built ThreeSumApsp.Machine.Solving (4.8s)
✔ [2947/3313] Built ThreeSumApsp.Spec.Sec3.Problems (4.8s)
✔ [2948/3313] Built ThreeSumApsp.Sec3.Theorem21b.RepeatedSquaring (5.0s)
✔ [2949/3313] Built ThreeSumApsp.Spec.Sec3.Theorem21a.NodeArray (5.1s)
✔ [2950/3313] Built ThreeSumApsp.Sec3.Theorem21a.Convolution (5.2s)
✔ [2951/3313] Built ThreeSumApsp.Sec3.MatrixLanguage (5.2s)
✔ [2952/3313] Built ThreeSumApsp.Util.Asymptotics.PowPolylog (5.3s)
✔ [2953/3313] Built ThreeSumApsp.Sec3.Theorem21b.NegativeTriangle (5.6s)
✔ [2954/3313] Built ImprovedExponents.PrunedEncoding.Counts (6.4s)
✔ [2955/3313] Built ThreeSumApsp.Spec.Sec2.Theorem5.Alphabets (6.5s)
✔ [2956/3313] Built ThreeSumApsp.Sec4.ChoosingParameters (6.5s)
✔ [2957/3313] Built ThreeSumApsp.Sec3.Parameters (3.9s)
✔ [2958/3313] Built ThreeSumApsp.Sec2.Levels (4.8s)
✔ [2959/3313] Built ThreeSumApsp.Statements.Exponents (4.2s)
✔ [2960/3313] Built ThreeSumApsp.Lang.Tasks (4.0s)
✔ [2961/3313] Built ThreeSumApsp.Programs.Sec4.Theorem30.ThinLayout (4.0s)
✔ [2962/3313] Built ThreeSumApsp.Sec2.Lemma6 (5.7s)
✔ [2963/3313] Built ThreeSumApsp.Spec.Sec3.Theorem21b.FindNegativeTriangle (4.3s)
✔ [2964/3313] Built ThreeSumApsp.Spec.Sec3.Theorem21b.BitSearch (4.4s)
✔ [2965/3313] Built ThreeSumApsp.Machine.Realized (3.5s)
✔ [2966/3313] Built ThreeSumApsp.Spec.Sec3.Theorem21b.AllPairs (4.8s)
✔ [2967/3313] Built ThreeSumApsp.Machine.PolylogIsLittleO (4.5s)
✔ [2968/3313] Built ThreeSumApsp.Programs.Sec3.Theorem21b.MinPlus.CopyBlock (5.9s)
✔ [2969/3313] Built ThreeSumApsp.Sec3.Theorem21a.ChanHe.Collisions (6.4s)
✔ [2970/3313] Built ThreeSumApsp.Lang.ToMachine (6.6s)
✔ [2971/3313] Built ThreeSumApsp.Util.Asymptotics.LogU (4.8s)
✔ [2972/3313] Built ThreeSumApsp.Spec.Sec2.Theorem5.Arrays (4.0s)
✔ [2973/3313] Built ThreeSumApsp.Util.Asymptotics.SoftOSqrtPow (4.9s)
✔ [2974/3313] Built ThreeSumApsp.Util.Asymptotics.PowLittleO (5.0s)
✔ [2975/3313] Built ImprovedExponents.PrunedProgram.Work (5.3s)
✔ [2976/3313] Built ImprovedExponents.PrunedEncoding.Card (6.1s)
✔ [2977/3313] Built ImprovedExponents.Total.Terms (5.4s)
✔ [2978/3313] Built ImprovedExponents.AllEdges.Pairs.Passes (10s)
✔ [2979/3313] Built ThreeSumApsp.Sec3.Theorem17.Hashing (11s)
✔ [2980/3313] Built ThreeSumApsp.Sec2.Tiling.Definitions (4.8s)
✔ [2981/3313] Built ThreeSumApsp.Programs.Tasks (5.1s)
✔ [2982/3313] Built ThreeSumApsp.Sec3.Corollary15_16 (6.9s)
✔ [2983/3313] Built ThreeSumApsp.Sec3.Theorem19.Choice (7.1s)
✔ [2984/3313] Built ThreeSumApsp.Sec2.Recursion (4.8s)
✔ [2985/3313] Built ThreeSumApsp.Programs.Sec3.Theorem21a.ChanHe.Contracts (6.8s)
✔ [2986/3313] Built ThreeSumApsp.Sec2.Lemma7_8 (5.7s)
✔ [2987/3313] Built ThreeSumApsp.Lang.PolyBounded (5.9s)
✔ [2988/3313] Built ThreeSumApsp.Util.Asymptotics.UpperBounds (4.9s)
✔ [2989/3313] Built ThreeSumApsp.Sec3.Theorem21 (6.0s)
✔ [2990/3313] Built ThreeSumApsp.Programs.Sec2.Theorem5.Places (4.4s)
✔ [2991/3313] Built ImprovedExponents.PrunedEncoding.Yates (4.8s)
✔ [2992/3313] Built ThreeSumApsp.Sec4.Table2.LogBounds (11s)
✔ [2993/3313] Built ThreeSumApsp.Spec.Sec3.Theorem17.Cyclic (5.4s)
✔ [2994/3313] Built ThreeSumApsp.Sec3.Theorem21a.ChanHe.Recursion (7.7s)
✔ [2995/3313] Built ThreeSumApsp.Programs.Sec3.Theorem21a.ChanHe.LibraryContracts (4.4s)
✔ [2996/3313] Built ThreeSumApsp.Programs.Sec3.Theorem21b.MinPlus.Tasks (5.1s)
✔ [2997/3313] Built ThreeSumApsp.Lang.TopProcedure (9.9s)
✔ [2998/3313] Built ThreeSumApsp.Programs.Sec3.Theorem21a.ChanHe.Time (4.4s)
✔ [2999/3313] Built ThreeSumApsp.Sec3.Theorem17.Instances (8.4s)
✔ [3000/3313] Built ThreeSumApsp.Programs.Sec3.Theorem21a.ChanHe.GridContracts (4.2s)
✔ [3001/3313] Built ThreeSumApsp.TimeClaims.Sec3.Definitions (5.5s)
✔ [3002/3313] Built ThreeSumApsp.Spec.Sec3.Theorem21b.NegativeTriangle (4.9s)
✔ [3003/3313] Built ThreeSumApsp.Spec.Sec3.Theorem21a.Convolution (5.1s)
✔ [3004/3313] Built ThreeSumApsp.Sec2.Orders (6.4s)
✔ [3005/3313] Built ThreeSumApsp.Sec2.Lemma9 (7.6s)
✔ [3006/3313] Built ThreeSumApsp.Spec.Sec3.Theorem21b.RepeatedSquaring (6.4s)
✔ [3007/3313] Built ThreeSumApsp.Programs.Sec3.Theorem17.Witnesses.Scan (11s)
✔ [3008/3313] Built ThreeSumApsp.Programs.Sec3.Theorem21a.ChanHe.NodeMemory (6.8s)
✔ [3009/3313] Built ThreeSumApsp.Spec.Sec3.Theorem17.Hashing (6.0s)
✔ [3010/3313] Built ThreeSumApsp.Programs.Sec3.Theorem17.Instances.WriteMatrices (15s)
✔ [3011/3313] Built ThreeSumApsp.RunningTimes.Sec3.Theorem22.ThreeSumLayout (6.2s)
✔ [3012/3313] Built ThreeSumApsp.Programs.Sec3.Theorem17.Instances.Classes (17s)
✔ [3013/3313] Built ThreeSumApsp.RunningTimes.Sec3.Theorem22.ApspLayout (5.7s)
✔ [3014/3313] Built ThreeSumApsp.RunningTimes.Sec3.Theorem19.Layout (6.6s)
✔ [3015/3313] Built ThreeSumApsp.Programs.Sec3.Theorem17.Hashing.RingOps (13s)
✔ [3016/3313] Built ThreeSumApsp.Programs.Sec3.Theorem21a.ChanHe.Distinct (19s)
✔ [3017/3313] Built ThreeSumApsp.Sec3.Theorem17.Witnesses (7.3s)
✔ [3018/3313] Built ThreeSumApsp.Sec2.Lemma10 (19s)
✔ [3019/3313] Built ThreeSumApsp.Programs.LightModel (5.8s)
✔ [3020/3313] Built ThreeSumApsp.TimeClaims.Sec3.Arithmetic (6.4s)
✔ [3021/3313] Built ThreeSumApsp.RunningTimes.FromClaims.Bounds (6.7s)
✔ [3022/3313] Built ThreeSumApsp.Programs.Sec3.Theorem21b.NegativeTriangle.Passes (9.7s)
✔ [3023/3313] Built ThreeSumApsp.Programs.Sec3.Theorem21a.ChanHe.Buckets (18s)
✔ [3024/3313] Built ImprovedExponents.PrunedEncoding.Pruned (6.2s)
✔ [3025/3313] Built ThreeSumApsp.RunningTimes.Sec3.Theorem22.MinPlusLayout (5.3s)
✔ [3026/3313] Built ThreeSumApsp.RunningTimes.Sec3.Corollary15_16.Layout (15s)
✔ [3027/3313] Built ThreeSumApsp.Sec2.Tiling (5.9s)
✔ [3028/3313] Built ThreeSumApsp.Sec4.Boxes (6.4s)
✔ [3029/3313] Built ThreeSumApsp.Sec2.Lemma11 (7.3s)
✔ [3030/3313] Built ImprovedExponents.AllEdges.Task (6.8s)
✔ [3031/3313] Built ThreeSumApsp.Programs.Sec3.Theorem21b.MinPlus.FindNegativeTriangle (22s)
✔ [3032/3313] Built ThreeSumApsp.Sec3.Theorem21a.ChanHe.FromNumbers (24s)
✔ [3033/3313] Built ThreeSumApsp.Programs.Sec3.Theorem21a.Convolution.Fill (13s)
✔ [3034/3313] Built ThreeSumApsp.Programs.Sec3.Theorem21b.MinPlus.BitSearch (22s)
✔ [3035/3313] Built ThreeSumApsp.Programs.Sec3.Theorem17.Witnesses.BruteForce (8.0s)
✔ [3036/3313] Built ThreeSumApsp.Spec.Sec3.Theorem17.Parameters (5.6s)
✔ [3037/3313] Built ThreeSumApsp.Programs.Sec3.Theorem21b.Apsp.Passes (10s)
✔ [3038/3313] Built ThreeSumApsp.Spec.Sec3.Theorem17.Strassen (6.9s)
✔ [3039/3313] Built ThreeSumApsp.Programs.Sec3.Theorem17.Claim (4.8s)
✔ [3040/3313] Built ThreeSumApsp.Programs.Sec2.Theorem5.Encode.Meaning (5.3s)
✔ [3041/3313] Built ThreeSumApsp.Programs.Sec3.Theorem17.Witnesses.ScanPairs (11s)
✔ [3042/3313] Built ThreeSumApsp.Sec3.Theorem19 (7.2s)
✔ [3043/3313] Built ThreeSumApsp.Programs.Sec3.Theorem19.ChooseBySize (7.2s)
✔ [3044/3313] Built ThreeSumApsp.RunningTimes.FromClaims (4.7s)
✔ [3045/3313] Built ThreeSumApsp.Programs.Sec3.Theorem17.Parameters.Primes (11s)
✔ [3046/3313] Built ThreeSumApsp.Programs.Sec3.Theorem17.Parameters.Residues (12s)
✔ [3047/3313] Built ThreeSumApsp.Programs.Sec3.Corollary15_16.CountAndDetect (9.1s)
✔ [3048/3313] Built ThreeSumApsp.TimeClaims.Sec3.Corollary15_16 (6.5s)
✔ [3049/3313] Built ThreeSumApsp.Spec.Sec2.Theorem5.SortedSets (7.5s)
✔ [3050/3313] Built ThreeSumApsp.TimeClaims.Sec3.Theorem21_22 (7.6s)
✔ [3051/3313] Built ThreeSumApsp.Programs.Sec3.Theorem21a.ChanHe.Modulus (15s)
✔ [3052/3313] Built ThreeSumApsp.Sec4.Lemma29 (5.2s)
✔ [3053/3313] Built ThreeSumApsp.Programs.Sec3.Theorem17.Instances.Chunks (14s)
✔ [3054/3313] Built ThreeSumApsp.Spec.Sec4.Theorem30.Cubes (6.9s)
✔ [3055/3313] Built ThreeSumApsp.Spec.Sec2.Theorem5.Layout (5.3s)
✔ [3056/3313] Built ThreeSumApsp.Programs.Sec3.Theorem21a.ChanHe.FrontFacts (4.8s)
✔ [3057/3313] Built ThreeSumApsp.Sec3.Theorem21a.ChanHe.Sizes (4.8s)
✔ [3058/3313] Built ThreeSumApsp.Sec2.Theorem5.Equation6 (5.5s)
✔ [3059/3313] Built ThreeSumApsp.Sec4.Lemma27_28 (7.9s)
✔ [3060/3313] Built ThreeSumApsp.Programs.Sec3.Theorem19.BruteForceClaim (4.6s)
✔ [3061/3313] Built ThreeSumApsp.Spec.Sec3.Theorem17.Classes (4.2s)
✔ [3062/3313] Built ImprovedExponents.ParamRoutines.Spec (4.0s)
✔ [3063/3313] Built ThreeSumApsp.Sec4.Table2 (44s)
✔ [3064/3313] Built ThreeSumApsp.Spec.Sec3.Theorem17.Choice (4.0s)
✔ [3065/3313] Built ThreeSumApsp.Programs.Sec3.Theorem17.Host.InstanceData (4.8s)
✔ [3066/3313] Built ImprovedExponents.AllEdges.Host.BruteAE (9.4s)
✔ [3067/3313] Built ThreeSumApsp.Programs.Sec3.Theorem21b.MinPlus.AllPairs (42s)
✔ [3068/3313] Built ImprovedExponents.AllEdges.Pairs.Bridge (11s)
✔ [3069/3313] Built ThreeSumApsp.Programs.Sec3.Theorem17.Hashing.StrassenFacts (6.7s)
✔ [3070/3313] Built ThreeSumApsp.TimeClaims.Sec3.Theorem19 (7.1s)
✔ [3071/3313] Built ThreeSumApsp.Spec.Sec2.Theorem5.PrunedList (5.1s)
✔ [3072/3313] Built ThreeSumApsp.Spec.Sec4.Theorem30.StarBoxes (4.9s)
✔ [3073/3313] Built ThreeSumApsp.Programs.Sec3.Theorem21a.Convolution.Host (14s)
✔ [3074/3313] Built ThreeSumApsp.Programs.Sec3.Theorem17.Hashing.Count (10s)
✔ [3075/3313] Built ThreeSumApsp.Programs.Sec3.Theorem21a.ChanHe.HostContracts (4.6s)
✔ [3076/3313] Built ThreeSumApsp.Sec2.Theorem5.WordSize (6.1s)
✔ [3077/3313] Built ThreeSumApsp.Sec4.BoxesFromLeaves (3.0s)
✔ [3078/3313] Built ThreeSumApsp.Programs.Sec3.Theorem17.Parameters.Sizes (15s)
✔ [3079/3313] Built ThreeSumApsp.Programs.Sec3.Theorem21a.ChanHe.TimeBound (9.1s)
✔ [3080/3313] Built ThreeSumApsp.Programs.Sec3.Theorem17.Hashing.ZOrder (14s)
✔ [3081/3313] Built ThreeSumApsp.Sec2.Theorem5 (6.6s)
✔ [3082/3313] Built ThreeSumApsp.Programs.Sec3.Theorem17.Host.InstanceCount (4.6s)
✔ [3083/3313] Built ThreeSumApsp.Programs.Sec3.Theorem21b.NegativeTriangle.Host (23s)
✔ [3084/3313] Built ThreeSumApsp.Programs.Sec3.Corollary15_16.Split (15s)
✔ [3085/3313] Built ThreeSumApsp.Programs.Sec3.Theorem17.Host.InstanceFacts (7.0s)
✔ [3086/3313] Built ThreeSumApsp.Sec4.Theorem30 (10s)
✔ [3087/3313] Built ThreeSumApsp.Programs.Sec3.Theorem21b.MinPlus.TimeBound (7.6s)
✔ [3088/3313] Built ThreeSumApsp.Programs.Sec3.Theorem21b.Apsp.Host (13s)
✔ [3089/3313] Built ThreeSumApsp.Programs.Sec3.Theorem21a.Convolution.TimeBound (5.9s)
✔ [3090/3313] Built ThreeSumApsp.Programs.Sec2.Theorem5.Contracts (7.2s)
✔ [3091/3313] Built ThreeSumApsp.Programs.Sec3.Theorem21a.ChanHe.Host (6.9s)
✔ [3092/3313] Built ImprovedExponents.ParamRoutines.Routines (7.9s)
✔ [3093/3313] Built ThreeSumApsp.Programs.Sec3.Theorem21a.ChanHe.NodeArray (31s)
✔ [3094/3313] Built ImprovedExponents.AllEdges.Host.Flags (6.9s)
✔ [3095/3313] Built ThreeSumApsp.Programs.Sec3.Theorem17.Host.FailedScans (6.1s)
✔ [3096/3313] Built ThreeSumApsp.Sec4.ParameterSteps (6.0s)
✔ [3097/3313] Built ImprovedExponents.Cost8X.Defs (6.2s)
✔ [3098/3313] Built ThreeSumApsp.Spec.Sec4.Theorem30.QueryLists (7.9s)
✔ [3099/3313] Built ThreeSumApsp.Programs.Sec3.Theorem21b.NegativeTriangle.TimeBound (10s)
✔ [3100/3313] Built ThreeSumApsp.Programs.Sec3.Theorem21a.ChanHe.Bits (21s)
✔ [3101/3313] Built ThreeSumApsp.Programs.Sec3.Theorem21b.Apsp.TimeBound (7.5s)
✔ [3102/3313] Built ImprovedExponents.PrunedProgram.SegOn (4.5s)
✔ [3103/3313] Built ThreeSumApsp.Programs.Sec2.Theorem5.LibraryContracts (6.2s)
✔ [3104/3313] Built ThreeSumApsp.Programs.Sec3.Theorem21a.ChanHe.Nodes (24s)
✔ [3105/3313] Built ThreeSumApsp.Programs.Sec2.Theorem5.Wanted.Gather (6.4s)
✔ [3106/3313] Built ThreeSumApsp.Programs.Sec2.Theorem5.Wanted.Sort (9.7s)
✔ [3107/3313] Built ThreeSumApsp.Programs.Sec2.Theorem5.Tables.BandCounters (8.1s)
✔ [3108/3313] Built ThreeSumApsp.Programs.Sec2.Theorem5.Tables.Binomials (9.3s)
✔ [3109/3313] Built ThreeSumApsp.Programs.Sec2.Theorem5.Encode.Contract (5.1s)
✔ [3110/3313] Built ThreeSumApsp.Programs.Sec2.Theorem5.Tables.Coefficients (10s)
✔ [3111/3313] Built ThreeSumApsp.Programs.Sec3.Theorem17.Host.Loop (19s)
✔ [3112/3313] Built ThreeSumApsp.Programs.Sec2.Theorem5.Tables.Digits (11s)
✔ [3113/3313] Built ThreeSumApsp.Programs.Sec2.Theorem5.Pruned.Slices (9.5s)
✔ [3114/3313] Built ThreeSumApsp.Programs.Sec2.Theorem5.Pruned.Restrict (9.4s)
✔ [3115/3313] Built ThreeSumApsp.Programs.Sec2.Theorem5.Encode.AllBands (11s)
✔ [3116/3313] Built ThreeSumApsp.Programs.Sec2.Theorem5.Encode.BandArrayFacts (3.0s)
✔ [3117/3313] Built ThreeSumApsp.Programs.Sec2.Theorem5.Tables.Subsets (13s)
✔ [3118/3313] Built ThreeSumApsp.Programs.Sec2.Theorem5.Pruned.Union (11s)
✔ [3119/3313] Built ThreeSumApsp.Programs.Sec2.Theorem5.Wanted.Report (4.4s)
✔ [3120/3313] Built ThreeSumApsp.Programs.Sec2.Theorem5.Pruned.SliceFacts (4.8s)
✔ [3121/3313] Built ThreeSumApsp.Programs.Sec2.Theorem5.WordSize (5.7s)
✔ [3122/3313] Built ThreeSumApsp.Programs.Sec2.Theorem5.Wanted.SortedFacts (5.8s)
✔ [3123/3313] Built ThreeSumApsp.Spec.Sec4.Theorem30.PartialSums (4.1s)
✔ [3124/3313] Built ThreeSumApsp.Programs.Sec3.Theorem21a.ChanHe.Prepare (30s)
✔ [3125/3313] Built ThreeSumApsp.Programs.Sec2.Theorem5.Wanted.Codes (19s)
✔ [3126/3313] Built ImprovedExponents.AllEdges.Pairs.Host (33s)
✔ [3127/3313] Built ThreeSumApsp.Spec.Sec4.Theorem30.TileTries (5.7s)
✔ [3128/3313] Built ThreeSumApsp.Programs.Sec3.Theorem21a.ChanHe.Parameters (33s)
✔ [3129/3313] Built ThreeSumApsp.Sec4.Corollary31 (6.9s)
✔ [3130/3313] Built ThreeSumApsp.Programs.Sec2.Theorem5.Instance (4.3s)
✔ [3131/3313] Built ThreeSumApsp.Programs.Sec2.Theorem5.CellDependencies (13s)
✔ [3132/3313] Built ThreeSumApsp.Programs.Sec3.Theorem21a.ChanHe.Round (10s)
✔ [3133/3313] Built ThreeSumApsp.Programs.Sec4.Theorem30.Contracts (5.7s)
✔ [3134/3313] Built ThreeSumApsp.Sec4.Corollary31.Limit (5.5s)
✔ [3135/3313] Built ImprovedExponents.PrunedProgram.Encode.Recursion (12s)
✔ [3136/3313] Built ThreeSumApsp.Sec4.Corollary31.RationalParameters (5.9s)
✔ [3137/3313] Built ImprovedExponents.ExactCount.Tail (6.0s)
✔ [3138/3313] Built ImprovedExponents.AllEdges.Host.ScanPairsAE (16s)
✔ [3139/3313] Built ThreeSumApsp.Programs.Sec3.Theorem17.Hashing.Strassen (43s)
✔ [3140/3313] Built ThreeSumApsp.Programs.Sec2.Theorem5.AllInstances.RegimeTest (7.4s)
✔ [3141/3313] Built ThreeSumApsp.Programs.Sec2.Theorem5.Pruned.AllTiles (15s)
✔ [3142/3313] Built ThreeSumApsp.Programs.Sec2.Theorem5.AllInstances.BruteForce (10s)
✔ [3143/3313] Built ThreeSumApsp.Programs.Sec4.ChoosingParameters.Contracts (6.6s)
✔ [3144/3313] Built ImprovedExponents.PrunedProgram.Shared.Contracts (8.2s)
✔ [3145/3313] Built ThreeSumApsp.Programs.Sec2.Theorem5.Pruned.Memory (17s)
✔ [3146/3313] Built ThreeSumApsp.Sec4.Corollary26 (21s)
✔ [3147/3313] Built ThreeSumApsp.Programs.Sec4.Theorem30.Horner (6.8s)
✔ [3148/3313] Built ThreeSumApsp.Programs.Sec4.Theorem30.Lookup (6.3s)
✔ [3149/3313] Built ThreeSumApsp.Programs.Sec3.Theorem21a.ChanHe.Grid (11s)
✔ [3150/3313] Built ThreeSumApsp.Programs.Sec4.Theorem30.Memory (12s)
✔ [3151/3313] Built ThreeSumApsp.Programs.Sec2.Theorem5.Encode.BandArray (23s)
✔ [3152/3313] Built ThreeSumApsp.Programs.Sec4.Theorem30.AllTiles (12s)
✔ [3153/3313] Built ThreeSumApsp.Programs.Sec4.Theorem30.OutDigits (9.8s)
✔ [3154/3313] Built ThreeSumApsp.Programs.Sec4.Theorem30.SumTen (7.3s)
✔ [3155/3313] Built ImprovedExponents.PrunedProgram.Query.Contracts (4.7s)
✔ [3156/3313] Built ImprovedExponents.PrunedProgram.Tiles.Contracts (4.9s)
✔ [3157/3313] Built ThreeSumApsp.Programs.Sec4.Theorem30.NineFirst (6.0s)
✔ [3158/3313] Built ThreeSumApsp.Programs.Sec4.Theorem30.FillList (14s)
✔ [3159/3313] Built ThreeSumApsp.Programs.Sec4.Theorem30.RoutineFacts (3.7s)
✔ [3160/3313] Built ImprovedExponents.Optimum.Defs (3.4s)
✔ [3161/3313] Built ThreeSumApsp.Programs.Sec4.Theorem30.Tile (9.5s)
✔ [3162/3313] Built ImprovedExponents.PrunedProgram.Encode.Meaning (5.3s)
✔ [3163/3313] Built ThreeSumApsp.Programs.Sec4.Theorem30.Scatter (11s)
✔ [3164/3313] Built ThreeSumApsp.Programs.Sec3.Theorem17.Hashing.StrassenTime (4.5s)
✔ [3165/3313] Built ThreeSumApsp.Programs.Sec4.Theorem30.QuerySum (13s)
✔ [3166/3313] Built ThreeSumApsp.Programs.Sec4.Theorem30.Insert (10s)
✔ [3167/3313] Built ThreeSumApsp.Programs.Sec4.Theorem30.StarFirst (14s)
✔ [3168/3313] Built ImprovedExponents.Cost8X.Dominated (8.3s)
✔ [3169/3313] Built ThreeSumApsp.Programs.Sec4.ChoosingParameters.Setup (5.2s)
✔ [3170/3313] Built ThreeSumApsp.Programs.Sec4.Theorem30.Areas (5.2s)
✔ [3171/3313] Built ThreeSumApsp.Programs.Sec4.ChoosingParameters.Pad (7.9s)
✔ [3172/3313] Built ThreeSumApsp.Programs.Sec4.Theorem30.Time (6.7s)
✔ [3173/3313] Built ThreeSumApsp.Programs.Sec4.ChoosingParameters.InnerProduct (10s)
✔ [3174/3313] Built ThreeSumApsp.Programs.Sec4.Theorem30.Offline (11s)
✔ [3175/3313] Built ThreeSumApsp.Programs.Sec2.Theorem5.Time (13s)
✔ [3176/3313] Built ImprovedExponents.Optimum.PerCBasic (9.4s)
✔ [3177/3313] Built ImprovedExponents.AllEdges.Host.LoopAE (16s)
✔ [3178/3313] Built ThreeSumApsp.Programs.Sec4.Theorem30.Directory (5.0s)
✔ [3179/3313] Built ThreeSumApsp.Programs.Sec3.Theorem21a.ChanHe.Reduction (34s)
✔ [3180/3313] Built ImprovedExponents.PrunedProgram.Tiles.AllTiles (13s)
✔ [3181/3313] Built ImprovedExponents.PrunedProgram.Tiles.Tile (12s)
✔ [3182/3313] Built ImprovedExponents.Optimum.PerCCrossing (4.9s)
✔ [3183/3313] Built ThreeSumApsp.Programs.Sec4.Theorem30.NineNext (16s)
✔ [3184/3313] Built ThreeSumApsp.Programs.Sec4.Theorem30.TimeOfBlock (7.0s)
✔ [3185/3313] Built ThreeSumApsp.Programs.Sec4.ChoosingParameters.Parameters (8.7s)
✔ [3186/3313] Built ImprovedExponents.PrunedProgram.Query.QuerySum (12s)
✔ [3187/3313] Built ImprovedExponents.PrunedProgram.Pre.Defs (6.3s)
✔ [3188/3313] Built ImprovedExponents.PrunedProgram.Encode.AllBands (15s)
✔ [3189/3313] Built ImprovedExponents.PrunedProgram.Tiles.FillList (18s)
✔ [3190/3313] Built ThreeSumApsp.Programs.Sec3.Theorem21a.ChanHe.Program (6.0s)
✔ [3191/3313] Built ThreeSumApsp.Programs.Sec4.Theorem30.OfflineLayout (9.0s)
✔ [3192/3313] Built ImprovedExponents.Optimum.PerCSupremum (7.0s)
✔ [3193/3313] Built ImprovedExponents.Optimum.NumLog (8.6s)
✔ [3194/3313] Built ThreeSumApsp.Programs.Sec4.Theorem30.WordSize (7.4s)
✔ [3195/3313] Built ImprovedExponents.Cost8X.Within (8.2s)
✔ [3196/3313] Built ThreeSumApsp.Programs.Sec4.ChoosingParameters.Layout (8.2s)
✔ [3197/3313] Built ThreeSumApsp.Programs.Sec2.Theorem5.Pruned.Recursion (29s)
✔ [3198/3313] Built ThreeSumApsp.Programs.Sec4.ChoosingParameters.Ceiling (7.8s)
✔ [3199/3313] Built ThreeSumApsp.RunningTimes.Sec3.Theorem22.ThreeSumPolylog (7.1s)
✔ [3200/3313] Built ThreeSumApsp.Programs.Sec4.ChoosingParameters.Offline (8.6s)
✔ [3201/3313] Built ImprovedExponents.Optimum.GlobalLemmas (4.2s)
✔ [3202/3313] Built ThreeSumApsp.Programs.Sec2.Theorem5.Pruned.Contract (3.4s)
✔ [3203/3313] Built ThreeSumApsp.Programs.Sec4.Theorem30.OfflineStatement (5.6s)
✔ [3204/3313] Built ImprovedExponents.PrunedProgram.Wrapper.Times (4.7s)
✔ [3205/3313] Built ImprovedExponents.Optimum.NumWitness (9.2s)
✔ [3206/3313] Built ThreeSumApsp.Programs.Sec4.Theorem30.Preprocessing (25s)
✔ [3207/3313] Built ImprovedExponents.Optimum.NumValues (14s)
✔ [3208/3313] Built ThreeSumApsp.Programs.Sec4.ChoosingParameters.Limits (15s)
✔ [3209/3313] Built ThreeSumApsp.Programs.Sec4.ChoosingParameters.OfflineLayout (16s)
✔ [3210/3313] Built ThreeSumApsp.Programs.Sec4.ChoosingParameters.Preprocessing (26s)
✔ [3211/3313] Built ThreeSumApsp.Programs.Sec4.Theorem30.Query (41s)
✔ [3212/3313] Built ImprovedExponents.PrunedProgram.Wrapper.Parameters (38s)
✔ [3213/3313] Built ImprovedExponents.Optimum.PerCDensity (82s)
✔ [3214/3313] Built ThreeSumApsp.Programs.Sec4.Theorem30.Layout (22s)
✔ [3215/3313] Built ThreeSumApsp.Programs.Sec4.ChoosingParameters.Costs (10s)
✔ [3216/3313] Built ThreeSumApsp.Programs.Sec3.Theorem17.Hashing.CountPrime (113s)
✔ [3217/3313] Built ImprovedExponents.Optimum.GlobalFullCells6 (90s)
✔ [3218/3313] Built ImprovedExponents.Optimum.GlobalCells5 (81s)
✔ [3219/3313] Built ImprovedExponents.Optimum.GlobalFullCells4 (90s)
✔ [3220/3313] Built ImprovedExponents.Optimum.GlobalFullCells5 (91s)
✔ [3221/3313] Built ImprovedExponents.Optimum.GlobalFullCells1 (87s)
✔ [3222/3313] Built ImprovedExponents.Optimum.GlobalFullCells3 (89s)
✔ [3223/3313] Built ThreeSumApsp.Programs.Sec4.Theorem30.Routines (5.9s)
✔ [3224/3313] Built ImprovedExponents.Optimum.GlobalCells1 (76s)
✔ [3225/3313] Built ImprovedExponents.Cost8X.Costs (5.1s)
✔ [3226/3313] Built ThreeSumApsp.Programs.Sec4.ChoosingParameters.RealParameters (3.7s)
✔ [3227/3313] Built ImprovedExponents.Optimum.GlobalFullCells2 (90s)
✔ [3228/3313] Built ThreeSumApsp.Programs.Sec2.Theorem5.SharedStage (144s)
✔ [3229/3313] Built ThreeSumApsp.Programs.Sec4.ChoosingParameters.OfflineStatement (3.1s)
✔ [3230/3313] Built ThreeSumApsp.Programs.Sec4.Corollary26.Regime (3.5s)
✔ [3231/3313] Built ThreeSumApsp.Programs.Sec4.ChoosingParameters.Statement (3.9s)
✔ [3232/3313] Built ImprovedExponents.Optimum.GlobalCells4 (85s)
✔ [3233/3313] Built ImprovedExponents.Optimum.GlobalFullCells (1.8s)
✔ [3234/3313] Built ImprovedExponents.Optimum.GlobalCells3 (84s)
✔ [3235/3313] Built ImprovedExponents.Optimum.GlobalCells2 (81s)
✔ [3236/3313] Built ImprovedExponents.Optimum.GlobalFull (2.5s)
✔ [3237/3313] Built ImprovedExponents.Optimum.GlobalCells (1.6s)
✔ [3238/3313] Built ThreeSumApsp.Programs.Sec3.Theorem17.Hashing.ChoosePrime (6.9s)
✔ [3239/3313] Built ThreeSumApsp.Programs.Sec2.Theorem5.Stages (132s)
✔ [3240/3313] Built ImprovedExponents.PrunedProgram.Wrapper.Preprocessing (11s)
✔ [3241/3313] Built ImprovedExponents.Optimum.Global (2.0s)
✔ [3242/3313] Built ThreeSumApsp.Programs.Sec3.Theorem17.Host.Text (2.8s)
✔ [3243/3313] Built ThreeSumApsp.Programs.Sec3.Theorem17.TimeBound.Terms (3.2s)
✔ [3244/3313] Built ThreeSumApsp.Programs.Sec2.Theorem5.Solver (3.6s)
✔ [3245/3313] Built ImprovedExponents.PrunedProgram.Wrapper.Offline (3.2s)
✔ [3246/3313] Built ThreeSumApsp.Programs.Sec3.Theorem17.Host.NeedPolynomial (2.3s)
✔ [3247/3313] Built ThreeSumApsp.Programs.Sec3.Theorem17.TimeBound.Total (2.3s)
✔ [3248/3313] Built ThreeSumApsp.Programs.Sec2.Theorem5.Program (1.9s)
✔ [3249/3313] Built ThreeSumApsp.Programs.Sec3.Theorem17.Host.Need (3.4s)
✔ [3250/3313] Built ThreeSumApsp.Programs.Sec2.Theorem5.AllInstances.Solver (3.7s)
✔ [3251/3313] Built ImprovedExponents.PrunedProgram.Shared.Stage (11s)
✔ [3252/3313] Built ThreeSumApsp.Programs.Sec3.Theorem17.Host.Time (1.0s)
✔ [3253/3313] Built ThreeSumApsp.Programs.Sec2.Theorem5.AllInstances.Program (1.5s)
✔ [3254/3313] Built ThreeSumApsp.Programs.Sec4.Theorem30.Program (1.8s)
✔ [3255/3313] Built ThreeSumApsp.Programs.Sec4.ChoosingParameters.Program (2.6s)
✔ [3256/3313] Built ThreeSumApsp.Programs.Sec3.Theorem17.Host.ParametersStage (8.9s)
✔ [3257/3313] Built ThreeSumApsp.Programs.Sec4.Corollary26.Program (2.9s)
✔ [3258/3313] Built ImprovedExponents.Pipeline.OfflineWithin (3.3s)
✔ [3259/3313] Built ThreeSumApsp.Programs.Sec4.Corollary26.AllInstances (4.2s)
✔ [3260/3313] Built ImprovedExponents.Cost8X.Offline (2.1s)
✔ [3261/3313] Built ThreeSumApsp.Programs.Sec4.Corollary26.Claim (1.4s)
✔ [3262/3313] Built ThreeSumApsp.Programs.Sec3.Theorem17.Host.PrimeStage (13s)
✔ [3263/3313] Built ImprovedExponents.PrunedProgram.Pre.Preprocessing (8.7s)
✔ [3264/3313] Built ImprovedExponents.PrunedProgram.Query.Query (9.3s)
✔ [3265/3313] Built ThreeSumApsp.RunningTimes.Sec3.Corollary15_16 (1.5s)
✔ [3266/3313] Built ThreeSumApsp.Programs.Sec3.Theorem17.Host.Arrays (15s)
✔ [3267/3313] Built ImprovedExponents.Pipeline.ThinClaim (3.6s)
✔ [3268/3313] Built ThreeSumApsp.Programs.Sec3.Theorem17.Host.Correct (1.6s)
✔ [3269/3313] Built ImprovedExponents.Pipeline.HostBound (1.7s)
✔ [3270/3313] Built ImprovedExponents.PrunedProgram.Wrapper.Task (1.8s)
✔ [3271/3313] Built ThreeSumApsp.Programs.Sec3.Theorem17.Host.Program (1.9s)
✔ [3272/3313] Built ImprovedExponents.Pipeline.Choose (2.4s)
✔ [3273/3313] Built ImprovedExponents.Pipeline.RegimeRS (3.6s)
✔ [3274/3313] Built ImprovedExponents.ParamRoutines.Pack (2.1s)
✔ [3275/3313] Built ImprovedExponents.Total.Uniform (2.4s)
✔ [3276/3313] Built ImprovedExponents.Total.Lop (2.4s)
✔ [3277/3313] Built ThreeSumApsp.Programs.Sec3.Theorem17.ClaimAtParameters (2.2s)
✔ [3278/3313] Built ImprovedExponents.PrunedProgram.Wrapper.Program (2.2s)
✔ [3279/3313] Built ThreeSumApsp.RunningTimes.Sec3.Theorem19 (1.9s)
✔ [3280/3313] Built ImprovedExponents.ParamRoutines.Rat (2.1s)
✔ [3281/3313] Built ImprovedExponents.HostMid.Defs (2.0s)
✔ [3282/3313] Built ImprovedExponents.Total.Params (5.2s)
✔ [3283/3313] Built ImprovedExponents.Pipeline.Fits (6.6s)
✔ [3284/3313] Built ThreeSumApsp.RunningTimes.Sec3.Theorem22 (4.2s)
✔ [3285/3313] Built ImprovedExponents.Pipeline.Solved (1.5s)
✔ [3286/3313] Built ImprovedExponents.HostMid.Need (5.6s)
✔ [3287/3313] Built ImprovedExponents.HostMid.PrimeStage (2.2s)
✔ [3288/3313] Built ImprovedExponents.PrunedEncoding.Costs (5.4s)
✔ [3289/3313] Built ImprovedExponents.HostMid.Arrays (2.6s)
✔ [3290/3313] Built ImprovedExponents.HostMid.Time (1.5s)
✔ [3291/3313] Built ImprovedExponents.Cost8P.Within (2.7s)
✔ [3292/3313] Built ImprovedExponents.Cost8P.Costs (1.6s)
✔ [3293/3313] Built ImprovedExponents.HostMid.Correct (1.7s)
✔ [3294/3313] Built ImprovedExponents.Total.Explicit (13s)
✔ [3295/3313] Built ImprovedExponents.HostMid.Program (1.4s)
✔ [3296/3313] Built ImprovedExponents.Cost8P.Offline (1.9s)
✔ [3297/3313] Built ImprovedExponents.HostMid.NeedPolynomial (2.4s)
✔ [3298/3313] Built ImprovedExponents.AllEdges.Host.HostAE (4.1s)
✔ [3299/3313] Built ImprovedExponents.HostMid.Claim (1.1s)
✔ [3300/3313] Built ImprovedExponents.AllEdges.Model (1.2s)
✔ [3301/3313] Built ImprovedExponents.AllEdges.Host.ProgramAE (2.1s)
✔ [3302/3313] Built ImprovedExponents.HostMid.Total (1.3s)
✔ [3303/3313] Built ImprovedExponents.HostMid.AtParameters (1.4s)
✔ [3304/3313] Built ImprovedExponents.AllEdges.Chain (2.3s)
✔ [3305/3313] Built ImprovedExponents.Pipeline.Claims (1.0s)
✔ [3306/3313] Built ImprovedExponents.AllEdges.Host.ClaimAE (1.9s)
✔ [3307/3313] Built ImprovedExponents.AllEdges.Pairs.TimeBound (2.4s)
✔ [3308/3313] Built ImprovedExponents.Pipeline.ExactTriangle (3.0s)
✔ [3309/3313] Built ImprovedExponents.Pipeline.General (2.1s)
✔ [3310/3313] Built ImprovedExponents.Pipeline.PrunedClaim (1.8s)
✔ [3311/3313] Built ImprovedExponents.Statements (2.4s)
✔ [3312/3313] Built ImprovedSolution (855ms)
Build completed successfully (3313 jobs).
Exporting #[Nat, String, String.mk, Char, Quot, Quot.mk, Quot.lift, Quot.ind, ImprovedExponents.threeSum_pruned, ImprovedExponents.exactTriangle_pruned, ImprovedExponents.minPlus_allEdges_pruned, ImprovedExponents.apsp_allEdges_pruned, propext, Quot.sound, Classical.choice, Nat.add, Nat.sub, Nat.mul, Nat.pow, Nat.gcd, Nat.div, Nat.mod, Nat.beq, Nat.ble, Nat.land, Nat.lor, Nat.xor, Nat.shiftLeft, Nat.shiftRight, String.ofList, Char.ofNat, List, eagerReduce] from ImprovedSolution
Running nanoda kernel on solution
Nanoda kernel accepts the solution
Running Lean default kernel on solution.
Lean default kernel accepts the solution
Your solution is okay!
finished: 2026-10-07T09:06:02Z, exit status 0
